10:56:48 **** Incremental Build of configuration Debug for project mcu_lab2 ****
make -j8 all 
arm-none-eabi-gcc "../Core/Src/main.c" -mcpu=cortex-m3 -std=gnu11 -g3 -DDEBUG -DUSE_HAL_DRIVER -DSTM32F103x6 -c -I../Core/Inc -I../Drivers/STM32F1xx_HAL_Driver/Inc -I../Drivers/STM32F1xx_HAL_Driver/Inc/Legacy -I../Drivers/CMSIS/Device/ST/STM32F1xx/Include -I../Drivers/CMSIS/Include -O0 -ffunction-sections -fdata-sections -Wall -fstack-usage -MMD -MP -MF"Core/Src/main.d" -MT"Core/Src/main.o" --specs=nano.specs -mfloat-abi=soft -mthumb -o "Core/Src/main.o"
../Core/Src/main.c: In function 'main':
../Core/Src/main.c:215:7: warning: unused variable 'status' [-Wunused-variable]
  215 |   int status = 0;
      |       ^~~~~~
../Core/Src/main.c: In function 'HAL_TIM_PeriodElapsedCallback':
../Core/Src/main.c:374:2: warning: implicit declaration of function 'getKeyInput' [-Wimplicit-function-declaration]
  374 |  getKeyInput();
      |  ^~~~~~~~~~~
arm-none-eabi-gcc -o "mcu_lab2.elf" @"objects.list"   -mcpu=cortex-m3 -T"C:\Users\nguye\Documents\GitHub\MCU-LAB2\mcu_lab2\STM32F103C6UX_FLASH.ld" --specs=nosys.specs -Wl,-Map="mcu_lab2.map" -Wl,--gc-sections -static --specs=nano.specs -mfloat-abi=soft -mthumb -Wl,--start-group -lc -lm -Wl,--end-group
Finished building target: mcu_lab2.elf
 
arm-none-eabi-size   mcu_lab2.elf 
arm-none-eabi-objdump -h -S  mcu_lab2.elf  > "mcu_lab2.list"
arm-none-eabi-objcopy  -O ihex  mcu_lab2.elf  "mcu_lab2.hex"
arm-none-eabi-objcopy  -O binary  mcu_lab2.elf  "mcu_lab2.bin"
   text	   data	    bss	    dec	    hex	filename
   7404	     40	   1656	   9100	   238c	mcu_lab2.elf
Finished building: default.size.stdout
 
Finished building: mcu_lab2.hex
Finished building: mcu_lab2.bin
 
 
Finished building: mcu_lab2.list
 
10:57:29 **** Incremental Build of configuration Debug for project mcu_lab2 ****
make -j8 all 
arm-none-eabi-size   mcu_lab2.elf 
   text	   data	    bss	    dec	    hex	filename
   7404	     40	   1656	   9100	   238c	mcu_lab2.elf
Finished building: default.size.stdout
 
